PS C:\Users\Parvathy Sajeev\OneDrive\Documents\psc2sem\pranav-sets\set01> gdb a.exe 
GNU gdb (GDB) 7.6.1
Copyright (C) 2013 Free Software Foundation, Inc.
License GPLv3+: GNU GPL version 3 or later <http://gnu.org/licenses/gpl.html>
This is free software: you are free to change and redistribute it.
There is NO WARRANTY, to the extent permitted by law.  Type "show copying"
and "show warranty" for details.
This GDB was configured as "mingw32".
For bug reporting instructions, please see:
<http://www.gnu.org/software/gdb/bugs/>...
Reading symbols from C:\Users\Parvathy Sajeev\OneDrive\Documents\psc2sem\pranav-sets\set01\a.exe...done.
(gdb) r
Starting program: C:\Users\Parvathy Sajeev\OneDrive\Documents\psc2sem\pranav-sets\set01/a.exe
[New Thread 5628.0x3930]
[New Thread 5628.0x18bc]
enter the number
1
enter the number
2
the sum of 1 and 2 is 3[Inferior 1 (process 5628) exited normally]
(gdb) q
PS C:\Users\Parvathy Sajeev\OneDrive\Documents\psc2sem\pranav-sets\set01> gcc problem01.c
PS C:\Users\Parvathy Sajeev\OneDrive\Documents\psc2sem\pranav-sets\set01> .\a.exe        
Pranav
PS C:\Users\Parvathy Sajeev\OneDrive\Documents\psc2sem\pranav-sets\set01> gcc push       
gcc.exe: error: push: No such file or directory
gcc.exe: fatal error: no input files
compilation terminated.
PS C:\Users\Parvathy Sajeev\OneDrive\Documents\psc2sem\pranav-sets\set01> gdb a.exe      
GNU gdb (GDB) 7.6.1
Copyright (C) 2013 Free Software Foundation, Inc.
License GPLv3+: GNU GPL version 3 or later <http://gnu.org/licenses/gpl.html>
This is free software: you are free to change and redistribute it.
There is NO WARRANTY, to the extent permitted by law.  Type "show copying"
and "show warranty" for details.
This GDB was configured as "mingw32".
For bug reporting instructions, please see:
<http://www.gnu.org/software/gdb/bugs/>...
Reading symbols from C:\Users\Parvathy Sajeev\OneDrive\Documents\psc2sem\pranav-sets\set01\a.exe...done.
(gdb) r
Starting program: C:\Users\Parvathy Sajeev\OneDrive\Documents\psc2sem\pranav-sets\set01/a.exe
[New Thread 13152.0x2394]
[New Thread 13152.0x4640]
Pranav[Inferior 1 (process 13152) exited normally]
(gdb) q